------------------------------------------------------------
Timing Analyzer Summary
------------------------------------------------------------

Type  : Slow 1100mV 85C Model Setup 'CLOCK_50'
Slack : -45.972
TNS   : -611.636

Type  : Slow 1100mV 85C Model Hold 'CLOCK_50'
Slack : 0.367
TNS   : 0.000

Type  : Slow 1100mV 85C Model Minimum Pulse Width 'CLOCK_50'
Slack : -0.394
TNS   : -41.195

Type  : Slow 1100mV 0C Model Setup 'CLOCK_50'
Slack : -47.945
TNS   : -629.220

Type  : Slow 1100mV 0C Model Hold 'CLOCK_50'
Slack : 0.370
TNS   : 0.000

Type  : Slow 1100mV 0C Model Minimum Pulse Width 'CLOCK_50'
Slack : -0.394
TNS   : -43.553

Type  : Fast 1100mV 85C Model Setup 'CLOCK_50'
Slack : -24.427
TNS   : -302.178

Type  : Fast 1100mV 85C Model Hold 'CLOCK_50'
Slack : 0.197
TNS   : 0.000

Type  : Fast 1100mV 85C Model Minimum Pulse Width 'CLOCK_50'
Slack : -0.094
TNS   : -7.093

Type  : Fast 1100mV 0C Model Setup 'CLOCK_50'
Slack : -23.442
TNS   : -284.135

Type  : Fast 1100mV 0C Model Hold 'CLOCK_50'
Slack : 0.189
TNS   : 0.000

Type  : Fast 1100mV 0C Model Minimum Pulse Width 'CLOCK_50'
Slack : -0.092
TNS   : -7.005

------------------------------------------------------------
